1000 [598   1]
2000 [596   2]
3000 [600]
4000 [598   1]
5000 [598   1]
6000 [596   2]
