1000 3 [0, 230, 396]
2000 24 [0, 85, 230, 311, 93, 437, 188, 170, 302, 83, 367, 144, 150, 289, 129, 28, 58, 131, 252, 415, 294, 60, 61, 219]
3000 39 [0, 85, 230, 311, 93, 437, 188, 170, 302, 377, 83, 209, 185, 129, 144, 150, 289, 359, 367, 28, 357, 24, 58, 61, 118, 178, 427, 131, 252, 415, 187, 432, 294, 60, 128, 466, 219, 212, 458]
4000 13 [0, 85, 230, 311, 93, 437, 45, 170, 377, 120, 462, 188, 456]
5000 8 [0, 205, 106, 350, 424, 148, 67, 417]
6000 9 [0, 10, 36, 106, 350, 424, 417, 148, 67]
7000 6 [0, 10, 350, 424, 67, 417]
8000 9 [0, 10, 111, 227, 350, 424, 417, 67, 224]
